{"epoch": 1, "train_loss": 0.6675683114175444, "train_acc": 0.740462962962963, "val_loss": 0.36213627433776857, "val_acc": 0.8770833333333333, "epoch_sec": 91.7198555469513}
{"epoch": 2, "train_loss": 0.3559640252413573, "train_acc": 0.8799907407407408, "val_loss": 0.29068047618865966, "val_acc": 0.9035, "epoch_sec": 91.47057557106018}
{"epoch": 3, "train_loss": 0.27143074667895284, "train_acc": 0.9083888888888889, "val_loss": 0.27257721583048505, "val_acc": 0.9131666666666667, "epoch_sec": 93.5094347000122}
{"epoch": 4, "train_loss": 0.22172321899731953, "train_acc": 0.9247685185185185, "val_loss": 0.26655905119578044, "val_acc": 0.91425, "epoch_sec": 91.91097378730774}
{"epoch": 5, "train_loss": 0.18678393122884962, "train_acc": 0.9371018518518518, "val_loss": 0.2747181367874145, "val_acc": 0.9134166666666667, "epoch_sec": 93.34091830253601}
{
  "model": "cnn",
  "params": 3995104,
  "epochs": 5,
  "best_epoch": 4,
  "best_val_acc": 0.91425,
  "test_acc": 0.906578947368421,
  "test_loss": 0.2854054701955695,
  "macro_precision": 0.9065522495992873,
  "macro_recall": 0.9065789473684209,
  "macro_f1": 0.9065573267905879,
  "per_class": {
    "World": {
      "precision": 0.9149388623072834,
      "recall": 0.9057894736842105,
      "f1": 0.9103411795821211
    },
    "Sports": {
      "precision": 0.9618001046572475,
      "recall": 0.9673684210526315,
      "f1": 0.964576226712149
    },
    "Business": {
      "precision": 0.8702049395691014,
      "recall": 0.871578947368421,
      "f1": 0.8708914015251118
    },
    "Sci/Tech": {
      "precision": 0.8792650918635171,
      "recall": 0.881578947368421,
      "f1": 0.8804204993429697
    }
  },
  "confusion_matrix": [
    [
      1721,
      51,
      82,
      46
    ],
    [
      33,
      1838,
      16,
      13
    ],
    [
      64,
      9,
      1656,
      171
    ],
    [
      63,
      13,
      149,
      1675
    ]
  ],
  "train_sec": 461.970419883728,
  "test_infer_sec": 2.230260133743286,
  "hyperparams": {
    "model": "cnn",
    "data": "processed",
    "out": "results",
    "epochs": 5,
    "bs": 128,
    "lr": 0.001
  }
}
