{"epoch": 1, "train_loss": 0.5502067864912528, "train_acc": 0.7995925925925926, "val_loss": 0.3283612206776937, "val_acc": 0.8913333333333333, "epoch_sec": 21.3704674243927}
{"epoch": 2, "train_loss": 0.28938811132642955, "train_acc": 0.9029722222222222, "val_loss": 0.2782256905237834, "val_acc": 0.9104166666666667, "epoch_sec": 20.037437200546265}
{"epoch": 3, "train_loss": 0.22899515201427317, "train_acc": 0.9241388888888888, "val_loss": 0.2621862262090047, "val_acc": 0.915, "epoch_sec": 20.190927505493164}
{"epoch": 4, "train_loss": 0.19040859353983844, "train_acc": 0.9363425925925926, "val_loss": 0.25745214049021403, "val_acc": 0.9175833333333333, "epoch_sec": 18.84940481185913}
{"epoch": 5, "train_loss": 0.16176133432653214, "train_acc": 0.9449074074074074, "val_loss": 0.2624484755198161, "val_acc": 0.9179166666666667, "epoch_sec": 18.50904417037964}
{"epoch": 6, "train_loss": 0.1373805719393271, "train_acc": 0.9530555555555555, "val_loss": 0.274891897837321, "val_acc": 0.9163333333333333, "epoch_sec": 19.72201180458069}
{
  "model": "mlp",
  "params": 3874052,
  "epochs": 6,
  "best_epoch": 5,
  "best_val_acc": 0.9179166666666667,
  "test_acc": 0.9140789473684211,
  "test_loss": 0.27424760718094676,
  "macro_precision": 0.9141695004802254,
  "macro_recall": 0.9140789473684211,
  "macro_f1": 0.9139991078521164,
  "per_class": {
    "World": {
      "precision": 0.933442444080742,
      "recall": 0.9005263157894737,
      "f1": 0.9166889900884008
    },
    "Sports": {
      "precision": 0.9545923632610939,
      "recall": 0.9736842105263158,
      "f1": 0.9640437727983324
    },
    "Business": {
      "precision": 0.885593220338983,
      "recall": 0.88,
      "f1": 0.8827877507919747
    },
    "Sci/Tech": {
      "precision": 0.8830499742400825,
      "recall": 0.9021052631578947,
      "f1": 0.8924759177297579
    }
  },
  "confusion_matrix": [
    [
      1711,
      53,
      76,
      60
    ],
    [
      23,
      1850,
      19,
      8
    ],
    [
      56,
      13,
      1672,
      159
    ],
    [
      43,
      22,
      121,
      1714
    ]
  ],
  "train_sec": 118.6917245388031,
  "test_infer_sec": 0.15284967422485352,
  "hyperparams": {
    "model": "mlp",
    "data": "processed",
    "out": "results",
    "epochs": 6,
    "bs": 128,
    "lr": 0.001
  }
}
